
> pos@0.1.0 build
> prisma generate && next build

node.exe : Loaded Prisma config from 
prisma.config.ts.
At C:\Program Files\nodejs\npm.ps1:29 char:3
+   & $NODE_EXE $NPM_CLI_JS $args
+   ~~~~~~~~~~~~~~~~~~~~~~~~~~~~~
    + CategoryInfo          : NotSpecified: 
(Lo    aded Prisma 
c...isma.config.ts.:String) [],     
RemoteException
    + FullyQualifiedErrorId : 
NativeCommandErro    r
 

Prisma schema loaded from 
prisma\schema.prisma.

Γ£ö Generated Prisma Client (v7.5.0) to .\node_modules\@prisma\client in 416ms

Start by importing your Prisma Client (See: https://pris.ly/d/importing-client)


Γû▓ Next.js 16.1.6 (Turbopack)
- Environments: .env

ΓÜá The "middleware" file convention is 
deprecated. Please use "proxy" instead. Learn 
more: https://nextjs.org/docs/messages/middlew
are-to-proxy
  Creating an optimized production build ...
Γ£ô Compiled successfully in 10.8s
  Running TypeScript ...
Failed to compile.

.next/dev/types/validator.ts:612:31
Type error: Type 'typeof import("C:/Users/soni
n/Desktop/pos/src/app/api/staff/[id]/route")' 
does not satisfy the constraint 
'RouteHandlerConfig<"/api/staff/[id]">'.
  Types of property 'PUT' are incompatible.
    Type '(req: Request, { params }: { 
params: { id: string; }; }) => 
Promise<NextResponse<{ error: string; }> | 
NextResponse<{ id: string; name: string; 
createdAt: Date; email: string; phone: string 
| null; status: string; role: Role; }>>' is 
not assignable to type '(request: 
NextRequest, context: { params: Promise<{ id: 
string; }>; }) => void | Response | 
Promise<void | Response>'.
      Types of parameters '__1' and 'context' 
are incompatible.
        Type '{ params: Promise<{ id: string; 
}>; }' is not assignable to type '{ params: { 
id: string; }; }'.
          Types of property 'params' are 
incompatible.
            Property 'id' is missing in type 
'Promise<{ id: string; }>' but required in 
type '{ id: string; }'.

[0m [90m 610 |[39m   type 
__IsExpected[33m<[39m[33mSpecific[39m 
[36mextends[39m [33mRouteHandlerConfig[39m
[33m<[39m[32m"/api/staff/[id]"[39m[33m>>
[39m [33m=[39m [33mSpecific[39m
 [90m 611 |[39m   [36mconst[39m handler 
[33m=[39m {} [36mas[39m [36mtypeof[39m 
[36mimport[39m([32m"../../../src/app/api/sta
ff/[id]/route.js"[39m)
[31m[1m>[22m[39m[90m 612 |[39m   type 
__Check [33m=[39m 
__IsExpected[33m<[39m[36mtypeof[39m 
handler[33m>[39m
 [90m     |[39m                             
  [31m[1m^[22m[39m
 [90m 613 |[39m   [90m// @ts-ignore[39m
 [90m 614 |[39m   type __Unused [33m=[39m 
__Check
 [90m 615 |[39m }[0m
Next.js build worker exited with code: 1 and 
signal: null
